2004.02.18 01:05 B D:\Valium Effort\fubar\index.html <-- www.fubar-nyc.com /webroot index.html
2004.02.18 01:06 B D:\Valium Effort\fubar\index.html --> ftp.fubar-nyc.com /webroot index.html
2004.02.18 01:41 A D:\Valium Effort\fubar\index.html <-- www.fubar-nyc.com /webroot index.html
2004.02.18 01:41 A D:\Valium Effort\fubar\index.html --> ftp.fubar-nyc.com /webroot index.html
2004.02.19 01:41 B D:\Valium Effort\fubar\index.html <-- www.fubar-nyc.com /webroot index.html
2004.02.19 01:41 B D:\Valium Effort\fubar\BRUSH_SC.TTF <-- www.fubar-nyc.com /webroot BRUSH_SC.TTF
2004.02.19 01:42 A D:\Valium Effort\fubar\index.html <-- www.fubar-nyc.com /webroot index.html
2004.02.19 01:42 A D:\Valium Effort\fubar\index.html --> ftp.fubar-nyc.com /webroot index.html
2004.02.19 01:49 B D:\Valium Effort\fubar\index.html --> ftp.fubar-nyc.com /webroot index.html
2004.08.04 22:27 B D:\Flash\fubar\guestbook.pl <-- www.fubar-nyc.com /webdocs/cgi/guestbook guestbook.pl
2004.08.04 22:27 A D:\Flash\fubar\guestbook.pl <-- www.fubar-nyc.com /webdocs/cgi/guestbook guestbook.pl
2004.08.04 22:27 A D:\Flash\fubar\drunkwalk_hiscores.pl <-- www.fubar-nyc.com /webdocs/cgi/hiscores drunkwalk_hiscores.pl
2005.04.15 02:39 B D:\Flash\fubar\geography_scorewriter.php4 <-- www.fubar-nyc.com /webdocs/flash geography_scorewriter.php4
2005.04.15 02:39 A D:\Flash\fubar\geography_scorewriter.php4 <-- www.fubar-nyc.com /webdocs/flash geography_scorewriter.php4
2005.04.21 01:15 A D:\Flash\Fubar\about.htm <-- www.fubar-nyc.com /webdocs about.htm
2005.04.21 01:16 A D:\Flash\Fubar\indexOLD.htm <-- www.fubar-nyc.com /webdocs indexOLD.htm
2005.11.07 20:55 A D:\Flash\fubar\index.shtml <-- www.fubar-nyc.com /webdocs index.shtml
2005.11.07 21:13 A D:\Flash\fubar\index.shtml --> ftp-dom.earthlink.net /webdocs index.shtml
2005.11.21 03:00 B D:\Flash\fubar\adminconfig2.ini <-- www.fubar-nyc.com /webdocs/gallery/admin adminconfig2.ini
2005.12.08 11:57 A D:\WebStuff\Fubar\index.shtml <-- www.fubar-nyc.com /webdocs index.shtml
2005.12.08 11:57 A D:\WebStuff\Fubar\index.shtml --> ftp-dom.earthlink.net /webdocs index.shtml
2005.12.12 01:28 B D:\WebStuff\Fubar\KYLE2EMM.AVI.mpg <-- www.fubar-nyc.com /webdocs/pictures KYLE2EMM.AVI.mpg
2006.01.05 19:40 A D:\WebStuff\Fubar\fatair_scorewriter.php4 <-- www.fubar-nyc.com /webdocs/flash fatair_scorewriter.php4
2006.05.07 00:55 A d:\webstuff\Fubar\geography_scorewriter.php4 --> ftp.maxguitartab.com /maxguitartab/procrastinator/flash geography_scorewriter.php4
2006.09.26 00:02 A D:\WebStuff\Fubar\newfatair.swf <-- www.fubar-nyc.com /webdocs newfatair.swf
2006.09.26 00:03 A D:\WebStuff\Fubar\index.shtml --> ftp-dom.earthlink.net /webdocs index.shtml
